[backblue.gif]
[fade.gif]
[index.html]
[connect.facebook.net/en_US/fbevents.js]
[www.itailor.com/itailor-data/webroot/js/detect-bowser.js]
[www.itailor.com/itailor-data/webroot/js/jquery-1.10.1.min.js]
[www.itailor.com/itailor-data/webroot/js/jquery-ui-1.10.3.custom.js]
[www.itailor.com/itailor-data/product/suit3pcs/js/JS-VARABLE30d9.js]
[www.itailor.com/itailor-data/product/suit3pcs/js/JS-0130d9.js]
[www.itailor.com/itailor-data/product/suit3pcs/js/iscroll-5.2.0.js]
[widget.trustpilot.com/bootstrap/v5/tp.widget.bootstrap.min.js]
[www.itailor.com/images/Models/SuitWeb/Suit/MenuL/4713-3.jpg]
[www.itailor.com/itailor-data/webroot/img/icon/itailot-logo.png]
[www.itailor.com/itailor-data/webroot/img/icon/iTaiolor-logo-3d.png]
[www.itailor.com/itailor-data/webroot/img/icon/iTailor-Cart.png]
[www.itailor.com/itailor-data/webroot/img/banner-left/1.png]
[www.itailor.com/itailor-data/webroot/img/GreenPack.png]
[www.itailor.com/itailor-data/product/suit3pcs/images/corona-update7cbd.png]
[www.itailor.com/images/WebSuit/info.png]
[www.itailor.com/itailor-data/webroot/img/missing.png]
[www.itailor.com/itailor-data/webroot/img/icon/arrow.png]
[www.itailor.com/images/Models/SuitWeb/Suit/MenuL/handTopStitching/No.jpg]
[www.itailor.com/images/Models/SuitWeb/Suit/MenuL/handTopStitching/Collar.jpg]
[www.itailor.com/images/Models/SuitWeb/Suit/MenuL/handTopStitching/Front.jpg]
[www.itailor.com/images/websuit/choosejacket.jpg]
[www.itailor.com/images/websuit/choosepantt.jpg]
[www.itailor.com/itailor-data/webroot/img/icon/left.png]
[www.itailor.com/itailor-data/webroot/img/icon/right.png]
[www.itailor.com/images/Models/Suitweb/Suit/Menu/Lining/Unlined.jpg]
[www.itailor.com/images/Models/Suitweb/Suit/Menu/Lining/HalfLined.jpg]
[www.itailor.com/images/Models/Suitweb/Suit/Menu/Lining/FullyLined.jpg]
[www.itailor.com/images/Web/LastButtonHole/1.jpg]
[www.itailor.com/images/Web/LastButtonHole/2.jpg]
[www.itailor.com/images/Web/LastButtonHole/3.jpg]
[www.itailor.com/images/Web/LastButtonHole/4.jpg]
[www.itailor.com/itailor-data/webroot/img/icon/Arrow-2.png]
[www.itailor.com/itailor-data/webroot/img/icon/Measurement.png]
[www.itailor.com/itailor-data/webroot/img/icon/SML.png]
[www.itailor.com/images/Web/GreenArrow.png]
[www.itailor.com/images/Web/Measurement/Measure_Suit/English/CHEST.jpg]
[www.itailor.com/itailor-data/webroot/img/Mask.png]
[www.itailor.com/images/Models/Mask/Mask/41.png]
[www.itailor.com/itailor-data/webroot/img/info.png]
[www.itailor.com/images/Web/Measurement/Measure_Suit/English/SLEEVE.jpg]
[www.itailor.com/itailor-data/webroot/js/jquery.imagesloaded.js]
[www.itailor.com/itailor-data/webroot/js/jquery.mCustomScrollbar.concat.min.js]
[www.itailor.com/itailor-data/product/suit3pcs/js/MethodsGalbal.js]
[www.itailor.com/itailor-data/webroot/js/base64.js]
[www.itailor.com/itailor-data/lib/js/Animation.js]
[www.itailor.com/itailor-data/lib/js/MayaPopup/MayaPopup.js]
[www.itailor.com/itailor-data/lib/js/MayaTransform/MayaTransform.js]
[www.itailor.com/itailor-data/lib/js/MayaDroupDown/jquery.MayaDropDown.min.js]
[www.itailor.com/itailor-data/webroot/js/main.js]
[www.itailor.com/itailor-data/webroot/js/preload.js]
[www.itailor.com/itailor-data/product/suit3pcs/js/JS-LOADING.js]
[www.itailor.com/itailor-data/product/suit3pcs/js/JS-GETXML30d9.js]
[www.itailor.com/itailor-data/product/suit3pcs/js/JS-02.js]
[www.itailor.com/itailor-data/product/suit3pcs/js/JS-MENU-S30d9.js]
[www.itailor.com/itailor-data/product/suit3pcs/js/JS-MENU-L.js]
[www.itailor.com/itailor-data/product/suit3pcs/js/JS-DESIGNce9c.js]
[www.itailor.com/itailor-data/product/suit3pcs/js/JS-MEASUREMENTb41a.js]
[www.itailor.com/itailor-data/SaveDesign/SaveDesign.js]
[www.googleadservices.com/pagead/f.txt]
[static.getclicky.com/media/links/badge.gif]
[in.getclicky.com/100978324ns.gif]
[www.itailor.com/designsuits/index.html]
[www.googletagmanager.com/gtm5445.html]
[bat.bing.com/bat.js]
[connect.facebook.net/en_US/fbevents.js]
[www.itailor.com/itailor-data/webroot/css/font.css]
[www.itailor.com/itailor-data/webroot/css/jquery.mCustomScrollbar.css]
[www.itailor.com/itailor-data/lib/js/MayaDroupDown/MaYaDroupDown.css]
[www.itailor.com/itailor-data/webroot/img/icon/CloesButton.png]
[www.itailor.com/itailor-data/lib/js/MayaPopup/MayaPopup.css]
[www.itailor.com/itailor-data/webroot/img/bg/bg-designer-shirt.jpg]
[www.itailor.com/itailor-data/webroot/img/bg/bg-designer-suit.jpg]
[www.itailor.com/images/WebSuit/Arrow.png]
[www.itailor.com/itailor-data/webroot/img/icon/checkmarkblue.png]
[www.itailor.com/itailor-data/webroot/img/bg/btn-adv-menu-l.png]
[www.itailor.com/itailor-data/webroot/img/icon/Arrow-3.png]
[www.itailor.com/itailor-data/webroot/img/arrow-standard-size.png]
[www.itailor.com/itailor-data/webroot/css/main.css]
[www.itailor.com/itailor-data/webroot/img/icon/sprites.png]
[www.itailor.com/images/WebSuit/Background1920.jpg]
[www.itailor.com/images/WebSuit/Background1024.jpg]
[www.itailor.com/itailor-data/webroot/img/bg/bg-checkout.png]
[www.itailor.com/images/WebSuit/BBl.jpg]
[www.itailor.com/itailor-data/webroot/img/icon/check_radio_sheet.png]
[www.itailor.com/itailor-data/product/suit3pcs/css/suit3pcs.css]
[www.itailor.com/itailor-data/product/suit3pcs/css/style.css]
[widget.trustpilot.com/bootstrap/v5/tp.widget.bootstrap.min.js]
[www.itailor.com/designsuits/c.html]
[www.itailor.com/designsuits/b.html]
[www.itailor.com/designsuits/POST.html]
[www.itailor.com/itailor-data/webroot/css/mCSB_buttons.html]
[www.itailor.com/itailor-data/webroot/img/icon/arrow-standard-size.html]
[www.itailor.com/itailor-data/product/suit3pcs/itailor-data/webroot/img/CloesButton.html]
[www.itailor.com/designsuits/constants.html]
[www.itailor.com/designsuits/xhr.html]
[www.itailor.com/designsuits/path=/index.html]
[www.itailor.com/designsuits/GET.html]
[www.itailor.com/designsuits/lib/widget-management.html]
